

 SAFE Post Tensioning 64-bit 20.3.0 Build 2005 (Analysis Build 9904/64)         
 File: C:\Users\j-b-j\Document...\safe\losa-cimentacion\Losa_Hekatan_via_API.OUT
                                                                     
                                                                       

 D I S P L A C E M E N T   D E G R E E S   O F   F R E E D O M

         (A) = Active DOF, equilibrium equation
         (-) = Restrained DOF, reaction computed
         (+) = Constrained DOF
         (>) = External substructure DOF
         ( ) = Null DOF

  JOINTS              UX  UY  UZ  RX  RY  RZ
       1 TO     221    A   A   A   A   A   A
  2~Link TO 55~Link    -   -   -   -   -   -

  JOINTS              UX  UY  UZ  RX  RY  RZ
 Col_1~L               -   -   -   -   -   -

  JOINTS              UX  UY  UZ  RX  RY  RZ
 57~Link TO 61~Link    -   -   -   -   -   -

  JOINTS              UX  UY  UZ  RX  RY  RZ
 Col_4~L               -   -   -   -   -   -

  JOINTS              UX  UY  UZ  RX  RY  RZ
 63~Link TO 99~Link    -   -   -   -   -   -

  JOINTS              UX  UY  UZ  RX  RY  RZ
 00~Link TO 07~Link    -   -   -   -   -   -

  JOINTS              UX  UY  UZ  RX  RY  RZ
 Col_2~L               -   -   -   -   -   -

  JOINTS              UX  UY  UZ  RX  RY  RZ
 09~Link TO 13~Link    -   -   -   -   -   -

  JOINTS              UX  UY  UZ  RX  RY  RZ
 Col_5~L               -   -   -   -   -   -

  JOINTS              UX  UY  UZ  RX  RY  RZ
 15~Link TO 59~Link    -   -   -   -   -   -

  JOINTS              UX  UY  UZ  RX  RY  RZ
 Col_3~L               -   -   -   -   -   -

  JOINTS              UX  UY  UZ  RX  RY  RZ
 61~Link TO 65~Link    -   -   -   -   -   -

  JOINTS              UX  UY  UZ  RX  RY  RZ
 Col_6~L               -   -   -   -   -   -

  JOINTS              UX  UY  UZ  RX  RY  RZ
 67~Link TO 99~Link    -   -   -   -   -   -

  JOINTS              UX  UY  UZ  RX  RY  RZ
 00~Link TO 21~Link    -   -   -   -   -   -
