-> Caso: losa 6.0×8.0×0.5m + 6 columnas P=196.13 kN c/u
-> Lanzando SAFE 20...
   NewBlank ret=0
   SetUnits kN/m/C ret=0
-> Material Conc25 OK
-> SetSlab(LosaMat) Mat/ShellThick(Mindlin) t=0.5 ret=0
-> SetAreaSpringProp(AS_Winkler) ret=0 (U3 será sobreescrito)
-> LoadPatterns.Add(P_Test) ret=0
-> Creando 192 áreas Q4 (mesh 12x16) ...
   Creadas 192 áreas en 1.0s
-> Asignando spring Winkler a las 192 áreas...
-> Creadas 6 columnas con P=196.13 kN c/u
-> Save: C:\Users\j-b-j\Documents\Hekatan Calc 1.0.0\hekatan-struct-lineal\benchmarks\safe\losa-cimentacion\Losa_Hekatan_via_API.fdb
   Save ret=0
-> Editing 'Spring Property Definitions - Area Springs': rows=1 cols=10
   SubModulus override: ks=19613.0 ret=0 err=0 warn=0
-> RunAnalysis...
   RunAnalysis ret=0 (45.76s)
-> Joint Displacements...
   rows=663
-> Sampling 17 puntos clave...
-> JSON: safe_losa_result.json

==========================================================
  SAFE API - Losa 6.0×8.0×0.5m, 6 col × 196.1 kN
==========================================================
  w_teo:     1.2500 mm (Winkler uniforme)
  w_max:     -1.5870 mm  (joint PCol_2)
  q_max:     31.13 kN/m² (ks*|w|)
  Runtime:   45.76s
----------------------------------------------------------
  17 puntos clave:
  label                                   w_mm      q_kNm2
  esquina (0,0)                        -0.6960       13.65
  esquina (Lz,0)                       -0.6960       13.65
  esquina (0,Bz)                       -0.6960       13.65
  esquina (Lz,Bz)                      -0.6960       13.65
  col_1 (1.5, 2.0)                     -1.3570       26.61
  col_2 (4.5, 2.0)                     -1.3570       26.61
  col_3 (1.5, 4.0)                     -1.5870       31.13
  col_4 (4.5, 4.0)                     -1.5870       31.13
  col_5 (1.5, 6.0)                     -1.3570       26.61
  col_6 (4.5, 6.0)                     -1.3570       26.61
  entre col 1-2 (3.0, 2.0)             -1.3240       25.97
  entre col 3-4 (3.0, 4.0)             -1.5530       30.46
  entre col 5-6 (3.0, 6.0)             -1.3240       25.97
  entre col 1-3 (1.5, 3.0)             -1.4970       29.36
  entre col 3-5 (1.5, 5.0)             -1.4970       29.36
  centro losa (3.0, 4.0)               -1.5530       30.46
  mid-borde (3.0, 0)                   -0.7660       15.02
==========================================================
