-> Caso: losa 8.0×1.0×0.5m + 4 columnas P=196.13 kN c/u
-> Lanzando SAFE 20...
   NewBlank ret=0
   SetUnits kN/m/C ret=0
-> Material Conc25 OK
-> SetSlab(VigaCorrida) Mat/ShellThick(Mindlin) t=0.5 ret=0
-> SetAreaSpringProp(AS_Winkler) ret=0 (U3 será sobreescrito)
-> LoadPatterns.Add(P_Test) ret=0
-> Creando 128 áreas Q4 (mesh 32x4) ...
   Creadas 128 áreas en 0.4s
-> Asignando spring Winkler a las 128 áreas...
-> Creadas 4 columnas con P=196.13 kN c/u
-> Save: C:\Users\j-b-j\Documents\Hekatan Calc 1.0.0\hekatan-struct\benchmarks\safe\viga-cimentacion\Viga_Cimentacion_via_API.fdb
   Save ret=0
-> Editing 'Spring Property Definitions - Area Springs': rows=1 cols=10
   SubModulus override: ks=19613.0 ret=0 err=0 warn=0
-> RunAnalysis...
   RunAnalysis ret=0 (21.81s)
-> Joint Displacements...
   rows=495
-> Sampling 17 puntos clave...
-> JSON: safe_viga_result.json

==========================================================
  SAFE API - Viga Cimentación 8.0×1.0×0.5m, 4 col × 196.1 kN
==========================================================
  w_teo:     5.0001 mm (Winkler uniforme)
  w_max:     -5.1100 mm  (joint PCol_2)
  q_max:     100.22 kN/m² (ks*|w|)
  Runtime:   21.81s
----------------------------------------------------------
  13 puntos clave:
  label                                   w_mm      q_kNm2
  esquina (0,0)                        -4.7750       93.65
  esquina (Lz,0)                       -4.7750       93.65
  esquina (0,Bz)                       -4.7750       93.65
  esquina (Lz,Bz)                      -4.7750       93.65
  col_1 (1, Bz/2)                      -4.9650       97.38
  col_2 (3, Bz/2)                      -5.1100      100.22
  col_3 (5, Bz/2)                      -5.1100      100.22
  col_4 (7, Bz/2)                      -4.9650       97.38
  entre col 1-2 (2, Bz/2)              -5.0190       98.44
  entre col 2-3 (4, Bz/2)              -5.0850       99.73
  entre col 3-4 (6, Bz/2)              -5.0190       98.44
  voladizo izq (0, Bz/2)               -4.7750       93.65
  voladizo der (Lz, Bz/2)              -4.7750       93.65
==========================================================
