

 SAFE Post Tensioning 64-bit 20.3.0 Build 2005 (Analysis Build 9904/64)
 File: C:\Users\j-b-j\Document...e\viga-cimentacion\Viga_Cimentacion_via_API.LOG




 B E G I N   A N A L Y S I S                                2026/05/18  19:51:38


 RUNNING ANALYSIS AS A SEPARATE PROCESS
 USING THE ADVANCED SOLVER (PROVIDES LIMITED INSTABILITY INFORMATION)

 NUMBER OF JOINTS                          =         330
    WITH RESTRAINTS                        =         165
    WITH MASS                              =         165
 NUMBER OF SHELL ELEMENTS                  =         129
 NUMBER OF LINK/SUPPORT ELEMENTS           =         514
 NUMBER OF LOAD PATTERNS                   =           4
 NUMBER OF ACCELERATION LOADS              =           9
 NUMBER OF LOAD CASES                      =           4
 NUMBER OF MASS SOURCES                    =           1

 UNITS (FORCE, LENGTH, TEMPERATURE, TIME)  = lb, in, °F, sec
 GRAVITATIONAL ACCELERATION                =  386.088583

 ADDRESSABLE PHYSICAL MEMORY (RAM)         =      15.715 GB

 PARALLELIZATION OF ANALYSIS OPERATIONS:
  (Env. variable SAPFIRE_NUM_THREADS not set)
 NUMBER OF THREADS: STATE (AUTOMATIC)      =          16
 NUMBER OF THREADS: STIFFNESS (AUTOMATIC)  =          16
 NUMBER OF THREADS: EVENT (AUTOMATIC)      =          16
 NUMBER OF THREADS: MOVE (AUTOMATIC)       =          16
 NUMBER OF THREADS: RESPONSE (AUTOMATIC)   =          16
 NUMBER OF THREADS: SOLVE (AUTOMATIC)      =          16
 NUMBER OF THREADS: FORM (AUTOMATIC)       =          16


 E L E M E N T   F O R M A T I O N                                      19:51:38



 L I N E A R   E Q U A T I O N   S O L U T I O N                        19:51:38

 FORMING STIFFNESS AT ZERO (UNSTRESSED) INITIAL CONDITIONS

 TOTAL NUMBER OF EQUILIBRIUM EQUATIONS     =         990
 NUMBER OF NON-ZERO STIFFNESS TERMS        =       23157

 ---------------------------------
 BASIC STABILITY CHECK FOR LINEAR LOAD CASES:
    NUMBER OF NEGATIVE STIFFNESS EIGENVALUES SHOULD BE ZERO FOR STABILITY.
    (NOTE: FURTHER CHECKS SHOULD BE CONSIDERED AS DEEMED NECESSARY,
     SUCH AS REVIEWING EIGEN MODES FOR MECHANISMS AND RIGID-BODY MOTION)

    NUMBER OF NEGATIVE EIGENVALUES         =           0,  OK.
 ---------------------------------


 L I N E A R   S T A T I C   C A S E S                                  19:51:38

 USING STIFFNESS AT ZERO (UNSTRESSED) INITIAL CONDITIONS

 TOTAL NUMBER OF CASES TO SOLVE            =           4
 NUMBER OF CASES TO SOLVE PER BLOCK        =           4

 LINEAR STATIC CASES TO BE SOLVED:

 CASE: DEAD
 CASE: LIVE
 CASE: P_TEST
 CASE: ~LLRF


 A N A L Y S I S   C O M P L E T E                          2026/05/18  19:51:38
