

 SAFE Post Tensioning 64-bit 20.3.0 Build 2005 (Analysis Build 9904/64)         
 File: C:\Users\j-b-j\Downloads\Zapata_Hekatan_1777645102733.OUT                
                                                                     
                                                                       

 D I S P L A C E M E N T   D E G R E E S   O F   F R E E D O M

         (A) = Active DOF, equilibrium equation
         (-) = Restrained DOF, reaction computed
         (+) = Constrained DOF
         (>) = External substructure DOF
         ( ) = Null DOF

  JOINTS              UX  UY  UZ  RX  RY  RZ
       1 TO     ~13    A   A   A   A   A   A
  1~Link               -   -   -   -   -   -

  JOINTS              UX  UY  UZ  RX  RY  RZ
 10~Link               -   -   -   -   -   -

  JOINTS              UX  UY  UZ  RX  RY  RZ
  9~Link               -   -   -   -   -   -

  JOINTS              UX  UY  UZ  RX  RY  RZ
 11~Link               -   -   -   -   -   -

  JOINTS              UX  UY  UZ  RX  RY  RZ
  2~Link               -   -   -   -   -   -

  JOINTS              UX  UY  UZ  RX  RY  RZ
 12~Link TO 13~Link    -   -   -   -   -   -

  JOINTS              UX  UY  UZ  RX  RY  RZ
  4~Link TO  7~Link    -   -   -   -   -   -
