

 ETABS Ultimate 64-bit 19.1.0 Build 2420 (Analysis Build 9853/64)
 File: C:\Users\j-b-j\Document...te_slab_frame\composite_wall_membrane_frame.LOG




 B E G I N   A N A L Y S I S                                2026/05/07  19:48:52


 RUNNING ANALYSIS AS A SEPARATE PROCESS
 USING THE ADVANCED SOLVER (PROVIDES LIMITED INSTABILITY INFORMATION)

 NUMBER OF JOINTS                          =          29
    WITH RESTRAINTS                        =           9
    WITH MASS                              =           9
 NUMBER OF FRAME/TENDON ELEMENTS           =          16
 NUMBER OF SHELL ELEMENTS                  =          16
 NUMBER OF CONSTRAINTS/WELDS               =           4
 NUMBER OF LOAD PATTERNS                   =           3
 NUMBER OF ACCELERATION LOADS              =           9
 NUMBER OF LOAD CASES                      =           3

 ADDRESSABLE PHYSICAL MEMORY (RAM)         =      15.715 GB

 PARALLELIZATION OF ANALYSIS OPERATIONS:
  (Env. variable SAPFIRE_NUM_THREADS not set)
 NUMBER OF THREADS: STATE (AUTOMATIC)      =          16
 NUMBER OF THREADS: STIFFNESS (AUTOMATIC)  =          16
 NUMBER OF THREADS: EVENT (AUTOMATIC)      =          16
 NUMBER OF THREADS: MOVE (AUTOMATIC)       =          16
 NUMBER OF THREADS: RESPONSE (AUTOMATIC)   =          16
 NUMBER OF THREADS: SOLVE (AUTOMATIC)      =          16
 NUMBER OF THREADS: FORM (AUTOMATIC)       =          16


 E L E M E N T   F O R M A T I O N                                      19:48:52


 NUMBER OF COUPLED CONSTRAINT EQUATIONS    =           0


 L I N E A R   E Q U A T I O N   S O L U T I O N                        19:48:52

 FORMING STIFFNESS AT ZERO (UNSTRESSED) INITIAL CONDITIONS

 TOTAL NUMBER OF EQUILIBRIUM EQUATIONS     =          72
 NUMBER OF NON-ZERO STIFFNESS TERMS        =        1116

 ---------------------------------
 BASIC STABILITY CHECK FOR LINEAR LOAD CASES:
    NUMBER OF NEGATIVE STIFFNESS EIGENVALUES SHOULD BE ZERO FOR STABILITY.
    (NOTE: FURTHER CHECKS SHOULD BE CONSIDERED AS DEEMED NECESSARY,
     SUCH AS REVIEWING EIGEN MODES FOR MECHANISMS AND RIGID-BODY MOTION)

    NUMBER OF NEGATIVE EIGENVALUES         =           0,  OK.
 ---------------------------------


 L I N E A R   S T A T I C   C A S E S                                  19:48:52

 USING STIFFNESS AT ZERO (UNSTRESSED) INITIAL CONDITIONS

 TOTAL NUMBER OF CASES TO SOLVE            =           3
 NUMBER OF CASES TO SOLVE PER BLOCK        =           3

 LINEAR STATIC CASES TO BE SOLVED:

 CASE: DEAD
 CASE: LIVE
 CASE: ~LLRF


 A N A L Y S I S   C O M P L E T E                          2026/05/07  19:48:52
