# CALIBRATION: ks_input pasado a SAFE = 14171.2 (= 19613.0/1.384)
-> Lanzando SAFE 20...
   NewBlank ret=0
   SetUnits kN/m/C ret=0
-> SetMaterial(Conc25) ret=0
   SetMPIsotropic E=24855.0 MPa ret=0
   SetWeightAndMass 24.0 kN/m3 ret=0
-> SetSlab(Footing) Mat/ShellThick(Mindlin) t=0.3 ret=0
-> SetAreaSpringProp(AS_Winkler) U3=19613.0 (placeholder, será sobreescrito) ret=0
-> LoadPatterns.Add(P_Test, Other) ret=0
-> Creando 144 áreas Q4 (mesh 12x12) ...
   Created 144 areas, first=Q_00_00, last=Q_11_11
-> SetSpringAssignment a las 144 áreas ...
   144/144 áreas con spring asignado
-> AddCartesian (0.75,0.75,0) ret=0 name=PCenter
   SetLoadForce P=-196.13 kN ret=0
-> Save: C:\Users\j-b-j\Documents\Hekatan Calc 1.0.0\hekatan-struct\benchmarks\safe\zapata-aislada\Zapata_Hekatan_via_API.fdb
   Save ret=0
-> Editing table 'Spring Property Definitions - Area Springs': rows=1 cols=10 headers=['Name', 'SubModulus', 'NonlinOpt', 'EPCompStiff', 'EPCompStrength', 'EPTensStiff', 'EPTensStrength', 'Color', 'GUID', 'Notes']
   Subgrade column index: 1 (SubModulus)
   Setting row[1] = 19613.0
   SetTableForEditingArray ret=(0, 2, <System.String[] object at 0x00000168A23E4140>, <System.String[] object at 0x00000168A23E43C0>)
   ApplyEditedTables ret=0  errors=0 warnings=0
-> RunAnalysis...
   RunAnalysis ret=0 (18.89s)
-> Joint Displacements...
   rows=507 headers[:6]=['Story', 'Label', 'UniqueName', 'OutputCase', 'CaseType', 'Ux']
-> Sampling 9 key points (corners, mid-edges, center)...
-> Element Forces - Areas...
   Soil Pressures table: 1734 rows, headers=['UniqueName', 'ShellElm', 'Joint', 'OutputCase', 'CaseType', 'SoilPressure', 'GlobalX', 'GlobalY']
   First 3 rows: [['Q_00_00', 'Q_00_00-1', '2', 'Dead', 'LinStatic', '-7.2', '0.125', '0'], ['Q_00_00', 'Q_00_00-1', '3', 'Dead', 'LinStatic', '-7.2', '0.125', '0.125'], ['Q_00_00', 'Q_00_00-1', '4', 'Dead', 'LinStatic', '-7.2', '0', '0.125']]

==================================================
  SAFE API - Zapata 1.5x1.5x0.30m, P=196.1 kN
==================================================
  w_max:     -4.5370 mm  (joint PCenter)
  q_max:     88.98 kN/m2 (ks*|w|) | SAFE table: n/a
  Mxx_max:   0.000 kN.m/m
  Myy_max:   0.000 kN.m/m
  Mxy_max:   0.000 kN.m/m
  Qx_max:    0.000 kN/m
  Qy_max:    0.000 kN/m
  Runtime:   18.89s
--------------------------------------------------
  9 puntos clave (w mm, q = ks*|w| kN/m2):
  label                             w_mm      q_kNm2
  esquina (0,0)                  -4.3840       85.98
  esquina (Lz,0)                 -4.3840       85.98
  esquina (0,Bz)                 -4.3840       85.98
  esquina (Lz,Bz)                -4.3840       85.98
  medio-borde (Lz/2,0)           -4.4270       86.83
  medio-borde (Lz,Bz/2)          -4.4270       86.83
  medio-borde (Lz/2,Bz)          -4.4270       86.83
  medio-borde (0,Bz/2)           -4.4270       86.83
  centro (Lz/2,Bz/2)             -4.5370       88.98
==================================================
