-> Cimentación edificio real: 9 zapatas (3 dims) + 12 vigas amarre
   Suelo ks=1030 kN/m³, espesor 0.3m
   Cargas: FZ totales = -19.27 tonf
-> Lanzando SAFE 20...
   Units: tonf, m, C
-> Material 4000Psi: E=2534505 tonf/m², γ=2.447 tonf/m³
-> SetSlab(Footing) Footing/ShellThick t=0.3m
-> SetRectangle(VAmarre_0.250x0.400) 0.25×0.4m ret=0
-> LoadPattern Dead added
-> Creadas 9 zapatas (4 esquinas 1.3×1.3, 4 medios 2.2×2.2, 1 centro 1.6×1.6)
-> 9 joints centrales con cargas P+Mx+My aplicadas
-> 12 vigas amarre creadas
-> Save: C:\Users\j-b-j\Documents\Hekatan Calc 1.0.0\hekatan-struct-lineal\benchmarks\safe\edificio-cimentacion-real\Edificio_Cimentacion_via_API.fdb
-> SubModulus override: 105 tonf/m³
-> RunAnalysis...
   RunAnalysis ret=0 (11.98s)
-> Joint Displacements: 90 rows
-> JSON: safe_edificio_result.json

==============================================================================
  SAFE API - Cimentación Edificio Real (9 zap + 12 vigas)
==============================================================================
  P_total: -19.27 tonf | A_total: 28.7 m² | w_teo: 6.399 mm
  Runtime: 11.98s
------------------------------------------------------------------------------
  col rol           pos        dim             FZ     MY     uz_mm  q_tonfm2
    1 esquina       ( 0, 0)    1.3×1.3     -0.67 +2.29  -11.574      1.22
    2 medio-borde   ( 5, 0)    2.2×2.2     -2.12 +2.58  -17.705      1.86
    3 esquina       (10, 0)    1.3×1.3     -3.63 +2.29  -27.119      2.85
    4 medio-borde   ( 0, 5)    2.2×2.2     -1.12 +1.30  -13.433      1.41
    5 centro        ( 5, 5)    1.6×1.6     -2.14 +1.47  -19.583      2.06
    6 medio-borde   (10, 5)    2.2×2.2     -3.16 +1.30  -22.015      2.31
    7 esquina       ( 0,10)    1.3×1.3     -1.29 +0.35  -14.548      1.53
    8 medio-borde   ( 5,10)    2.2×2.2     -2.14 +0.41  -17.718      1.86
    9 esquina       (10,10)    1.3×1.3     -2.99 +0.35  -24.118      2.53
==============================================================================
